// Jest Snapshot v1, https://goo.gl/fbAQLP

exports[`Document List Container should match snapshot of document list 1`] = `
<div
  className="document-list"
>
  <div
    className="container"
  >
    <div
      className="row"
    >
      <div
        className="col l12 m12 s12"
      >
        <div
          className="col l5 m5 s12"
        >
          <input
            className="search"
            id="documentSearch"
            name="searchTerm"
            onChange={[Function]}
            placeholder="Search.."
            type="text"
          />
        </div>
        <div
          className="col l6 m6 s12 center"
        >
          <select
            className="browser-default input-field select"
            name="docquery"
            onChange={[Function]}
          >
            <Dropdown
              text="All Documents"
              value="All"
            />
            <Dropdown
              text="Personal"
              value="Personal"
            />
          </select>
        </div>
      </div>
      <div
        className="document-list-view"
      >
        <div
          className="col l5 m5 s12"
        >
          <div
            className=" card-panel hoverable"
          >
            <h5>
              All Documents
            </h5>
            <div
              className="scrollable"
            />
          </div>
        </div>
      </div>
      <div
        className="col l6 m6 s12 text-scrollable"
      >
        <Switch>
          <Route
            path="/view-document"
            render={[Function]}
          />
        </Switch>
      </div>
    </div>
  </div>
</div>
`;
