// Jest Snapshot v1, https://goo.gl/fbAQLP

exports[`DocumentView Component should match the document view snapshot 1`] = `
<div
  className="card blue-grey darken-1"
>
  <div
    className="card-content white-text"
  >
    <span
      className="card-title"
    >
      Book
    </span>
    <div>
      Awesome
    </div>
    <p>
      public
    </p>
  </div>
  <div
    className="card-action"
  >
    <div
      className="row"
    >
      <div
        className="col l6 m6 s12"
      >
        <Modal
          actions={
            <div>
              <button
                className="btn btn-flat modal-action modal-close"
                id="delete"
                name={3}
                onClick={[MockFunction]}
              >
                Delete
              </button>
              <button
                className="btn btn-flat modal-action modal-close left"
              >
                Cancel
              </button>
            </div>
          }
          bottomSheet={false}
          fixedFooter={false}
          id="modal-1"
          options={
            Object {
              "dismissible": true,
              "endingTop": "10%",
              "inDuration": 250,
              "onCloseEnd": null,
              "onCloseStart": null,
              "onOpenEnd": null,
              "onOpenStart": null,
              "opacity": 0.5,
              "outDuration": 250,
              "preventScrolling": true,
              "startingTop": "4%",
            }
          }
          trigger={
            <a
              className="waves-effect btn button-design"
              data-target="passwordModal"
              id="delete-document"
            >
              Delete
            </a>
          }
        >
          <div>
            <h5
              className="center"
            >
              Are you sure you want to delete the user
            </h5>
          </div>
        </Modal>
      </div>
      <div
        className="col l6 m6 s12"
      >
        <Modal
          actions={
            <div>
              <button
                className="modal-action modal-close btn btn-flat"
                id="save-update"
                onClick={[MockFunction]}
              >
                Update
              </button>
              <button
                className="btn btn-flat modal-action modal-close left"
              >
                Cancel
              </button>
            </div>
          }
          bottomSheet={false}
          fixedFooter={false}
          id="modal-1"
          options={
            Object {
              "dismissible": true,
              "endingTop": "10%",
              "inDuration": 250,
              "onCloseEnd": null,
              "onCloseStart": null,
              "onOpenEnd": null,
              "onOpenStart": null,
              "opacity": 0.5,
              "outDuration": 250,
              "preventScrolling": true,
              "startingTop": "4%",
            }
          }
          trigger={
            <a
              className="waves-effect btn button-design"
              data-target="passwordModal"
              id="update-document"
            >
              Update
            </a>
          }
        >
          <div>
            <h5>
              Update Document
            </h5>
            <InputField
              className="validate form-design"
              name="title"
              onChange={[MockFunction]}
              placeholder="Document Title"
              type="text"
              value="Book"
            />
            <TinyMCE
              config={
                Object {
                  "height": 200,
                  "plugins": "link image code",
                  "toolbar": "undo redo |
                    bold italic | alignleft aligncenter alignright | code",
                }
              }
              content="Awesome"
            />
            <select
              className="browser-default input-field select"
              name="access"
              onChange={[MockFunction]}
              value="public"
            >
              <Dropdown
                text="Select access type"
                value=""
              />
              <Dropdown
                text="Public"
                value="public"
              />
              <Dropdown
                text="Private"
                value="private"
              />
              <Dropdown
                text="Role"
                value="role"
              />
            </select>
          </div>
        </Modal>
      </div>
    </div>
  </div>
</div>
`;
