// Jest Snapshot v1, https://goo.gl/fbAQLP

exports[`SignUpForm Component should match the SignUpForm snapshot 1`] = `
<div>
  <h5
    className="center"
  >
     Create an account 
  </h5>
  <div
    className="row"
  >
    <div
      className="col l6 m6 s12"
    >
      <div
        className="input-field"
      >
        <input
          className="validate form-design"
          name="firstName"
          onChange={[Function]}
          placeholder="First Name"
          required={true}
          type="text"
          value=""
        />
      </div>
    </div>
    <div
      className="col l6 m6 s12"
    >
      <div
        className="input-field"
      >
        <input
          className="validate form-design"
          name="lastName"
          onChange={[Function]}
          placeholder="Last Name"
          required={true}
          type="text"
          value=""
        />
      </div>
    </div>
    <div
      className="col l12 m12 s12"
    >
      <div
        className="input-field"
      >
        <input
          className="validate form-design"
          name="email"
          onChange={[Function]}
          placeholder="Email"
          required={true}
          type="email"
          value=""
        />
      </div>
    </div>
    <div
      className="col l12 m12 s12"
    >
      <div
        className="input-field"
      >
        <input
          className="validate form-design"
          name="password"
          onChange={[Function]}
          placeholder="Password"
          required={true}
          type="password"
          value=""
        />
      </div>
    </div>
    <div
      className="col l12 m12 s12"
    >
      <div
        className="input-field"
      >
        <input
          className="validate form-design"
          name="confirmPassword"
          onChange={[Function]}
          placeholder="Re-Type Password"
          required={true}
          type="password"
          value=""
        />
      </div>
    </div>
  </div>
  <div
    className="input-field center"
  >
    <button
      className="waves-effect btn button-design"
      id="signup-button"
      onClick={[Function]}
    >
      Sign Up
    </button>
  </div>
  <p
    className="center"
  >
    Have an account? 
    <Link
      to="signin"
    >
      Sign In
    </Link>
  </p>
</div>
`;
