// Jest Snapshot v1, https://goo.gl/fbAQLP

exports[`UserView Component should match the user view snapshot 1`] = `
<div
  className="card blue-grey darken-1"
>
  <div
    className="card-content white-text"
  >
    <span
      className="card-title"
    >
      Eguono
       
      Efe
    </span>
    <div>
      efe@gmail.com
    </div>
  </div>
  <div
    className="card-action"
  >
    <div
      className="row"
    >
      <div
        className="col l12 m12 s12"
      >
        <Modal
          actions={
            <div>
              <button
                className="btn btn-flat modal-action modal-close"
                name={3}
                onClick={[MockFunction]}
              >
                Delete
              </button>
              <button
                className="btn btn-flat modal-action modal-close left"
              >
                Cancel
              </button>
            </div>
          }
          bottomSheet={false}
          fixedFooter={false}
          id="modal-1"
          options={
            Object {
              "dismissible": true,
              "endingTop": "10%",
              "inDuration": 250,
              "onCloseEnd": null,
              "onCloseStart": null,
              "onOpenEnd": null,
              "onOpenStart": null,
              "opacity": 0.5,
              "outDuration": 250,
              "preventScrolling": true,
              "startingTop": "4%",
            }
          }
          trigger={
            <a
              className="waves-effect btn button-design"
              data-target="passwordModal"
            >
              Delete
            </a>
          }
        >
          <div>
            <h5
              className="center"
            >
              Are you sure you want to delete the user
            </h5>
          </div>
        </Modal>
      </div>
    </div>
  </div>
</div>
`;
