// Jest Snapshot v1, https://goo.gl/fbAQLP

exports[`User Container Container should match snapshot of document Container 1`] = `
<UserDisplay
  email=""
  firstName=""
  lastName=""
  onChange={[Function]}
  onSubmit={[Function]}
/>
`;
