// Jest Snapshot v1, https://goo.gl/fbAQLP

exports[`Footer Component should match the footer snapshot 1`] = `
<div
  className="footer"
>
  <p
    className="center-align"
  >
    Â© 2017 | DMS
  </p>
  <p
    className="center-align"
  >
    Developed by: Efekemo Eguonoghene
  </p>
</div>
`;
